The pause is over. Continue the [$magnum-review](/Users/bohdan/Projects/magnum/skills/magnum-review/SKILL.md) run for https://github.com/talkable/talkable/pull/11920 where you stopped. First list the reviews by `talkable[bot]` on this PR. If one already contains `magnum:run=r-20261003T120000-7`, do not post again: write the result file with its id and stop. Otherwise finish the workflow for head `d4e5f6a7b8c9d0e1f2a3b4c5d6e7f8a9b0c1d2e3`.

<magnum>
mode: continue
run_id: r-20261003T120000-7
pr: talkable/talkable#11920
url: https://github.com/talkable/talkable/pull/11920
owner: talkable
repo: talkable
number: 11920
head_sha: d4e5f6a7b8c9d0e1f2a3b4c5d6e7f8a9b0c1d2e3
checkout: /Users/bohdan/Projects/talkable.review3
identity: app
reviewer_login: talkable[bot]
gh_config_dir: /Users/bohdan/Projects/magnum/state/gh/talkable-app
no_findings_event: COMMENT
blocking_event: REQUEST_CHANGES
self_authored: false
result_file: /Users/bohdan/Projects/magnum/state/reviews/talkable/talkable/11920/d4e5f6a/codex-judge.json
dry_run: false
</magnum>