[$magnum-review](/Users/bohdan/Projects/magnum/skills/magnum-review/SKILL.md) Review https://github.com/talkable/talkable/pull/11920 and post exactly one GitHub review as `talkable[bot]`.

magnum checked out the PR head `d4e5f6a7b8c9d0e1f2a3b4c5d6e7f8a9b0c1d2e3` (detached) in this directory. Candidate reports from 3 independent reviewer roles are listed below; judge every item, run your own full pass, dedupe, then post.

<magnum>
mode: initial
run_id: r-20261003T120000-7
pr: talkable/talkable#11920
url: https://github.com/talkable/talkable/pull/11920
owner: talkable
repo: talkable
number: 11920
head_sha: d4e5f6a7b8c9d0e1f2a3b4c5d6e7f8a9b0c1d2e3
base_ref: master
base_sha: 0123456789abcdef0123456789abcdef01234567
checkout: /Users/bohdan/Projects/talkable.review3
identity: app
reviewer_login: talkable[bot]
gh_config_dir: /Users/bohdan/Projects/magnum/state/gh/talkable-app
no_findings_event: COMMENT
blocking_event: REQUEST_CHANGES
self_authored: false
reports:
  - claude-review: /Users/bohdan/Projects/magnum/state/reviews/talkable/talkable/11920/d4e5f6a/claude-review.md
  - codex-review: missing (timed out after 40m)
  - claude-simplify: /Users/bohdan/Projects/magnum/state/reviews/talkable/talkable/11920/d4e5f6a/claude-simplify.md
result_file: /Users/bohdan/Projects/magnum/state/reviews/talkable/talkable/11920/d4e5f6a/codex-judge.json
post_review: /Users/bohdan/Projects/magnum/bin/magnum post-review --repo talkable/talkable --pr 11920 --head d4e5f6a7b8c9d0e1f2a3b4c5d6e7f8a9b0c1d2e3 --run-id r-20261003T120000-7 --login 'talkable[bot]' --gh-config-dir /Users/bohdan/Projects/magnum/state/gh/talkable-app --dry-run --local-base 0123456789abcdef0123456789abcdef01234567 --review /Users/bohdan/Projects/magnum/state/reviews/talkable/talkable/11920/d4e5f6a/review.json
dry_run: true
blind: true
</magnum>