You stopped without posting a review or writing /Users/bohdan/Projects/magnum/state/reviews/talkable/talkable/11920/d4e5f6a/codex-judge.json. If something blocks you, write {"status":"blocked","blocker":"<one sentence>"} there and stop. Otherwise finish the $magnum-review workflow for https://github.com/talkable/talkable/pull/11920 (run_id r-20261003T120000-7, head `d4e5f6a7b8c9d0e1f2a3b4c5d6e7f8a9b0c1d2e3`) now.