[$magnum-review](/Users/bohdan/Projects/magnum/skills/magnum-review/SKILL.md) New commits were pushed to https://github.com/talkable/talkable/pull/11920. Read the replies and re-review.

magnum already updated this checkout: HEAD is `d4e5f6a7b8c9d0e1f2a3b4c5d6e7f8a9b0c1d2e3`. Your last review (3012345678, REQUEST_CHANGES) covered `a1b2c3d4e5f6a7b8c9d0e1f2a3b4c5d6e7f8a9b0`.
The author rewrote history: `a1b2c3d4e5f6a7b8c9d0e1f2a3b4c5d6e7f8a9b0` is no longer in the branch. Review the full PR diff again, then compare it with your earlier findings.
This checkout is now /Users/bohdan/Projects/talkable.review3 (it was /Users/bohdan/Projects/talkable.review1). Work only here.
Fresh candidate reports for this head are listed below. Follow the skill's re-review section, the reply contract included, and post exactly one new review on `d4e5f6a7b8c9d0e1f2a3b4c5d6e7f8a9b0c1d2e3`.

<magnum>
mode: rereview
run_id: r-20261003T120000-7
pr: talkable/talkable#11920
url: https://github.com/talkable/talkable/pull/11920
owner: talkable
repo: talkable
number: 11920
head_sha: d4e5f6a7b8c9d0e1f2a3b4c5d6e7f8a9b0c1d2e3
base_ref: master
base_sha: 0123456789abcdef0123456789abcdef01234567
checkout: /Users/bohdan/Projects/talkable.review3
identity: app
reviewer_login: talkable[bot]
former_logins: 
gh_config_dir: /Users/bohdan/Projects/magnum/state/gh/talkable-app
no_findings_event: COMMENT
blocking_event: REQUEST_CHANGES
self_authored: true
previous_review_id: 3012345678
previous_head_sha: a1b2c3d4e5f6a7b8c9d0e1f2a3b4c5d6e7f8a9b0
since: 2026-10-03T09:15:00Z
force_pushed: true
moved_from: /Users/bohdan/Projects/talkable.review1
threads_file: 
reports:
  - claude-review: /Users/bohdan/Projects/magnum/state/reviews/talkable/talkable/11920/d4e5f6a/claude-review.md
  - codex-review: missing (timed out after 40m)
  - claude-simplify: /Users/bohdan/Projects/magnum/state/reviews/talkable/talkable/11920/d4e5f6a/claude-simplify.md
result_file: /Users/bohdan/Projects/magnum/state/reviews/talkable/talkable/11920/d4e5f6a/codex-judge.json
post_review: /Users/bohdan/Projects/magnum/bin/magnum post-review --repo talkable/talkable --pr 11920 --head d4e5f6a7b8c9d0e1f2a3b4c5d6e7f8a9b0c1d2e3 --run-id r-20261003T120000-7 --login 'talkable[bot]' --gh-config-dir /Users/bohdan/Projects/magnum/state/gh/talkable-app --dry-run --review /Users/bohdan/Projects/magnum/state/reviews/talkable/talkable/11920/d4e5f6a/review.json
dry_run: true
</magnum>