 [1;94mmagnum · pull requests[m[37m · [mall repos[37m · [m[1m6[m open[37m · [m[37mview [m[94mall[m[37m · [m[37msorted by [m[94mupdated ↓[m                                                                                                                            [37m↻ 12:00:00[m 
 [91m●[m [1m1[m [37mattention[m   [94m●[m [1m1[m [37mreviewing[m   [93m●[m [1m1[m [37mre-review[m   [93m●[m [1m1[m [37mqueued[m   [92m●[m [1m1[m [37mreviewed[m   [37m●[m [1m1[m [37mnot reviewed[m   [37m●[m [1m2[m [37mclosed[m   [37m●[m [1m2[m [37mreleased[m                             [1;7;91m 1 merged unreviewed [m   [93m⟳[m [1m3[m [37mstale[m   [1;91m![m [1m1[m [37mfailing[m   📌 [1m1[m [37mpinned[m 
  [1;37mREPO[m           [1;37m#[m  [1;37mTITLE[m                                        [1;37mAUTHOR[m        [1;37mASSIGNEE[m     [1;94mUPDATED ↓[m  [1;37mREQUESTED[m  [1;37mSTATE[m                  [1;37mLAST REVIEW[m          [1;37mFINDINGS[m  [1;37mCI[m  [1;37mSINCE REVIEW[m    [1;37mREVIEWERS[m
[90m────────────────────────────────────────────────────────────────────────────────────────────────────────────────────────────────────────────────────────────────────────────────────────────────────────────────────[m
  [37mmagnum[m       [1m#42[m  [3;37mdraft[m PR board screen                        bob           [37m—[m                   5m  [37m—[m          [1;7;94m ⣷ reviewing [m          [37m—[m                    [37m—[m         [37m—[m   [37m—[m               [37m—[m
  [37mtalkable[m  [1m#11931[m  Bump rails from 7.1.4 to 7.2.1               🤖dependabot  [37m—[m                  20m  [37m—[m          [1;7;93m queued [m               [37m—[m                    [37m—[m         [37m—[m   [37m12c[m[37m  +900[m[37m  −40[m  [37meve[m[37m◌[m
[94;100m▌ [m[37;100mtalkable[m[100m  [m[1;100m#11950[m[100m  [m[1;100mAdd OAuth login for the merchant portal[m[100m    [m[100m  [m[100mgina[m[100m        [m[100m  [m[95;100mzhuravel[m[37;100m +1[m[100m  [m[100m       [m[100m1h[m[100m  [m[37;100m—[m[100m        [m[100m  [m[1;7;93m re-review [m[100m          [m[100m  [m[37;100m★ [m[37;100m💬[m[37;100m commented[m[37;100m 5h[m[93;100m ⟳[m[100m  [m[37;100m—[m[100m       [m[100m  [m[37;100m—[m[100m [m[100m  [m[100m 2c[m[92;100m   +10[m[37;100m   −0[m[100m  [m[37;100m★[m[37;100mzhuravel[m[37;100m💬[m[93;100m⟳[m[100m [m[100mfrank[m[92;100m✔[m[100m     [m
  [37mtalkable[m  [1m#11920[m  📌 Fix referral widget alignment on mobile…  ann           bob                 3h  [37m—[m          [1;7;92m reviewed [m             [95m★ [m[92m✔ [m[92m approved[m[37m 2h[m     [37m—[m         [37m—[m    3c[92m   +41[m[91m   −7[m  [95m★[m[95mzhuravel[m[92m✔[m [37mbob[m[37m✗[m[93m⟳[m[37m +2[m
  [37mtalkable[m  [1m#11902[m  [1;91m! [mReferral analytics: add the campaign bre…  [95mzhuravel[m      [37m—[m                   [37m2d[m  [37m—[m          [1;7;91m attention [m            [37m★ [m[37m✗ [m[37m changes[m[37m 1d[m[93m ⟳[m    [37m—[m         [37m—[m    7c[92m +1.2k[m[91m −321[m  [37m★[m[37m🤖talkable[m[37m✗[m[93m⟳[m [37mann[m[37m✔[m[93m⟳[m
[37m  [m[37mtalkable[m[37m  [m[1;37m#11800[m[37m  [m[3;37mmuted[m[37m [m[37mDrop the legacy coupon importer[m[37m      [m[37m  [m[37mfrank[m[37m       [m[37m  [m[37m—[m[37m          [m[37m  [m[37m       [m[37m2w[m[37m  [m[37m—[m[37m        [m[37m  [m[3;37m merged [m[37m             [m[37m  [m[37m—[m[37m                  [m[37m  [m[37m—[m[37m       [m[37m  [m[37m—[m[37m [m[37m  [m[37m—[m[37m             [m[37m  [m[37m—[m
  [37mtalkable[m  [1m#11000[m  Legacy cleanup                               hal           [37m—[m                   [37m3w[m  [37m—[m          [37m not reviewed [m         [37m—[m                    [37m—[m         [37m—[m   [37m—[m               [37m—[m
[90m──[m [37mmerged or closed in the last 24h[m [1m(3)[m [90m────────────────────────────────────────────────────────────────────────────────────────────────────────────────────────────────────────────────────────────────────────────[m
[37m  [m[37mtalkable[m[37m  [m[1;37m#11991[m[37m  [m[37mSpike: referral sharing via SMS[m[37m            [m[37m  [m[37mrev-ann[m[37m     [m[37m  [m[37m—[m[37m          [m[37m  [m[37m      [m[37m30m[m[37m  [m[37m—[m[37m        [m[37m  [m[3;37m closed [m[37m             [m[37m  [m[37m—[m[37m                  [m[37m  [m[37m—[m[37m       [m[37m  [m[37m—[m[37m [m[37m  [m[37m—[m[37m             [m[37m  [m[37m—[m
[37m  [m[37mtalkable[m[37m  [m[1;37m#11990[m[37m  [m[37mRetire the coupon v1 API[m[37m                   [m[37m  [m[37malice[m[37m       [m[37m  [m[37m—[m[37m          [m[37m  [m[37m       [m[37m2h[m[37m  [m[37m—[m[37m        [m[37m  [m[1;7;91m merged · unreviewed [m[37m  [m[37m★ [m[37m💬[m[37m commented[m[37m 6h[m[37m ⟳[m[37m  [m[37m—[m[37m       [m[37m  [m[37m—[m[37m [m[37m  [m[37m—[m[37m             [m[37m  [m[37m—[m
[37m  [m[37mtalkable[m[37m  [m[1;37m#11992[m[37m  [m[37mSpeed up the campaign list query[m[37m           [m[37m  [m[37malice[m[37m       [m[37m  [m[37m—[m[37m          [m[37m  [m[37m       [m[37m1m[m[37m  [m[37m—[m[37m        [m[37m  [m[3;37m merged [m[37m             [m[37m  [m[37m★ [m[37m✔ [m[37m approved[m[37m 6h[m[37m   [m[37m  [m[37m—[m[37m       [m[37m  [m[37m—[m[37m [m[37m  [m[37m—[m[37m             [m[37m  [m[37m—[m























[90m────────────────────────────────────────────────────────────────────────────────────────────────────────────────────────────────────────────────────────────────────────────────────────────────────────────────────[m